INFO:     Started server process [69615]
INFO:     Waiting for application startup.
INFO:     Application startup complete.
INFO:     Uvicorn running on http://127.0.0.1:18791 (Press CTRL+C to quit)
2026-03-23 16:03:02.166 | INFO     | nanobot.agent.loop:_process_message:449 - Processing message from web:user: 你再写入试试
2026-03-23 16:03:02.294 | DEBUG    | nanobot.agent.memory:maybe_consolidate_by_tokens:314 - Token consolidation idle web:93c99c54e9a7: 7688/65536 via tiktoken
2026-03-23 16:03:10.547 | INFO     | nanobot.agent.loop:_run_agent_loop:279 - Tool call: write_file({"path": "/Users/huanglixian-m2/Downloads/nanobot_test_3.txt", "content": "第三次写入测试。\n时间：2026-03-23 16:03 CST\n"})
2026-03-23 16:03:26.561 | INFO     | nanobot.agent.loop:_process_message:522 - Response to web:user: 这次失败了，报错很明确：

> Write access to `/Users/huanglixian-m2/Downloads/nanobot_test_3.txt` is blocked by security list

所以现在可以...
2026-03-23 16:03:26.588 | DEBUG    | nanobot.agent.memory:maybe_consolidate_by_tokens:314 - Token consolidation idle web:93c99c54e9a7: 8576/65536 via tiktoken
INFO:     Shutting down
INFO:     Waiting for application shutdown.
2026-03-23 17:02:35.713 | INFO     | nanobot.agent.loop:stop:415 - Agent loop stopping
INFO:     Application shutdown complete.
INFO:     Finished server process [69615]
WARNING:  You must pass the application as an import string to enable 'reload' or 'workers'.
WARNING:  You must pass the application as an import string to enable 'reload' or 'workers'.
WARNING:  You must pass the application as an import string to enable 'reload' or 'workers'.
WARNING:  You must pass the application as an import string to enable 'reload' or 'workers'.
WARNING:  You must pass the application as an import string to enable 'reload' or 'workers'.
WARNING:  You must pass the application as an import string to enable 'reload' or 'workers'.
WARNING:  You must pass the application as an import string to enable 'reload' or 'workers'.
WARNING:  You must pass the application as an import string to enable 'reload' or 'workers'.
WARNING:  You must pass the application as an import string to enable 'reload' or 'workers'.
WARNING:  You must pass the application as an import string to enable 'reload' or 'workers'.
WARNING:  You must pass the application as an import string to enable 'reload' or 'workers'.
WARNING:  You must pass the application as an import string to enable 'reload' or 'workers'.
WARNING:  You must pass the application as an import string to enable 'reload' or 'workers'.
WARNING:  You must pass the application as an import string to enable 'reload' or 'workers'.
WARNING:  You must pass the application as an import string to enable 'reload' or 'workers'.
WARNING:  You must pass the application as an import string to enable 'reload' or 'workers'.
WARNING:  You must pass the application as an import string to enable 'reload' or 'workers'.
WARNING:  You must pass the application as an import string to enable 'reload' or 'workers'.
WARNING:  You must pass the application as an import string to enable 'reload' or 'workers'.
WARNING:  You must pass the application as an import string to enable 'reload' or 'workers'.
WARNING:  You must pass the application as an import string to enable 'reload' or 'workers'.
WARNING:  You must pass the application as an import string to enable 'reload' or 'workers'.
WARNING:  You must pass the application as an import string to enable 'reload' or 'workers'.
WARNING:  You must pass the application as an import string to enable 'reload' or 'workers'.
WARNING:  You must pass the application as an import string to enable 'reload' or 'workers'.
WARNING:  You must pass the application as an import string to enable 'reload' or 'workers'.
WARNING:  You must pass the application as an import string to enable 'reload' or 'workers'.
WARNING:  You must pass the application as an import string to enable 'reload' or 'workers'.
WARNING:  You must pass the application as an import string to enable 'reload' or 'workers'.
WARNING:  You must pass the application as an import string to enable 'reload' or 'workers'.
INFO:     Will watch for changes in these directories: ['/Users/huanglixian-m2/Documents/LienCode/NanoBot/my_customize/nanobot_webui']
INFO:     Uvicorn running on http://127.0.0.1:18791 (Press CTRL+C to quit)
INFO:     Started reloader process [71645] using StatReload
INFO:     Started server process [71651]
INFO:     Waiting for application startup.
INFO:     Application startup complete.
INFO:     Shutting down
INFO:     Waiting for application shutdown.
2026-03-23 17:08:09.720 | INFO     | nanobot.agent.loop:stop:415 - Agent loop stopping
INFO:     Application shutdown complete.
INFO:     Finished server process [71651]
INFO:     Stopping reloader process [71645]
INFO:     Will watch for changes in these directories: ['/Users/huanglixian-m2/Documents/LienCode/NanoBot/my_customize/nanobot_webui']
INFO:     Uvicorn running on http://127.0.0.1:18791 (Press CTRL+C to quit)
INFO:     Started reloader process [71680] using StatReload
INFO:     Started server process [71695]
INFO:     Waiting for application startup.
INFO:     Application startup complete.
WARNING:  StatReload detected changes in 'session_views.py'. Reloading...
INFO:     Shutting down
INFO:     Waiting for application shutdown.
2026-03-23 17:28:06.271 | INFO     | nanobot.agent.loop:stop:415 - Agent loop stopping
INFO:     Application shutdown complete.
INFO:     Finished server process [71695]
INFO:     Started server process [73052]
INFO:     Waiting for application startup.
INFO:     Application startup complete.
2026-03-23 17:30:15.374 | INFO     | nanobot.agent.loop:_process_message:449 - Processing message from web:user: 测试
2026-03-23 17:30:15.498 | DEBUG    | nanobot.agent.memory:maybe_consolidate_by_tokens:314 - Token consolidation idle web:93c99c54e9a7: 8576/65536 via tiktoken
2026-03-23 17:30:22.901 | INFO     | nanobot.agent.loop:_process_message:522 - Response to web:user: 收到，当前是 **web 会话**。  
刚才已经验证出：这个会话里对 `~/Downloads` 的写权限是**不稳定/当前受限**的。

如果你现在是想继续做“测试”，你可以直接说一种：

- `测试 workspace 写入`
- `...
2026-03-23 17:30:22.915 | DEBUG    | nanobot.agent.memory:maybe_consolidate_by_tokens:314 - Token consolidation idle web:93c99c54e9a7: 8700/65536 via tiktoken
WARNING:  StatReload detected changes in 'app.py'. Reloading...
INFO:     Shutting down
INFO:     Waiting for application shutdown.
2026-03-23 17:36:44.456 | INFO     | nanobot.agent.loop:stop:415 - Agent loop stopping
INFO:     Application shutdown complete.
INFO:     Finished server process [73052]
INFO:     Started server process [73746]
INFO:     Waiting for application startup.
INFO:     Application startup complete.
2026-03-23 17:38:04.473 | INFO     | nanobot.agent.loop:_process_message:449 - Processing message from web:user: 随便写入一个txt文件到下载目录试试
2026-03-23 17:38:04.599 | DEBUG    | nanobot.agent.memory:maybe_consolidate_by_tokens:314 - Token consolidation idle web:93c99c54e9a7: 8700/65536 via tiktoken
2026-03-23 17:38:08.909 | INFO     | nanobot.agent.loop:_run_agent_loop:279 - Tool call: write_file({"path": "/Users/huanglixian-m2/Downloads/nanobot_try_web_session.txt", "content": "web 会话下载目录写入测试。\n时间：2026-03-23 17:38 CST\n"})
2026-03-23 17:38:14.943 | INFO     | nanobot.agent.loop:_process_message:522 - Response to web:user: 这次失败了，错误是：

`Write access ... is blocked by security list`

所以在你**当前这个 web 会话**里，我**不能**写入 `~/Downloads`。

这次结果和前面“成功写入”...
2026-03-23 17:38:14.968 | DEBUG    | nanobot.agent.memory:maybe_consolidate_by_tokens:314 - Token consolidation idle web:93c99c54e9a7: 9187/65536 via tiktoken
2026-03-23 17:38:31.571 | INFO     | nanobot.agent.loop:_process_message:449 - Processing message from web:user: 现在再试试
2026-03-23 17:38:31.590 | DEBUG    | nanobot.agent.memory:maybe_consolidate_by_tokens:314 - Token consolidation idle web:93c99c54e9a7: 9187/65536 via tiktoken
2026-03-23 17:38:36.254 | INFO     | nanobot.agent.loop:_run_agent_loop:279 - Tool call: write_file({"path": "/Users/huanglixian-m2/Downloads/nanobot_try_again.txt", "content": "再次测试下载目录写入。\n时间：2026-03-23 17:38 CST\n"})
2026-03-23 17:38:47.210 | INFO     | nanobot.agent.loop:_process_message:522 - Response to web:user: 还是不行。

这次再次报错：

`Write access to /Users/huanglixian-m2/Downloads/nanobot_try_again.txt is blocked by security list`

所以可...
2026-03-23 17:38:47.233 | DEBUG    | nanobot.agent.memory:maybe_consolidate_by_tokens:314 - Token consolidation idle web:93c99c54e9a7: 9797/65536 via tiktoken
2026-03-23 17:39:18.405 | INFO     | nanobot.agent.loop:_process_message:449 - Processing message from web:user: 再试试
2026-03-23 17:39:18.422 | DEBUG    | nanobot.agent.memory:maybe_consolidate_by_tokens:314 - Token consolidation idle web:93c99c54e9a7: 9797/65536 via tiktoken
2026-03-23 17:39:24.091 | INFO     | nanobot.agent.loop:_run_agent_loop:279 - Tool call: write_file({"path": "/Users/huanglixian-m2/Downloads/nanobot_retry_1739.txt", "content": "再次测试下载目录写入。\n时间：2026-03-23 17:39 CST\n"})
2026-03-23 17:39:31.681 | INFO     | nanobot.agent.loop:_process_message:522 - Response to web:user: 这次又成功了。

已写入：

`/Users/huanglixian-m2/Downloads/nanobot_retry_1739.txt`

这说明当前现象不是简单的“永远允许”或“永远禁止”，而是**权限状态在变**，或者底层安全列表...
2026-03-23 17:39:31.708 | DEBUG    | nanobot.agent.memory:maybe_consolidate_by_tokens:314 - Token consolidation idle web:93c99c54e9a7: 10332/65536 via tiktoken
2026-03-23 17:45:18.187 | INFO     | nanobot.agent.loop:_process_message:449 - Processing message from web:user: 其实是我的白名单机制，再测试
2026-03-23 17:45:18.209 | DEBUG    | nanobot.agent.memory:maybe_consolidate_by_tokens:314 - Token consolidation idle web:93c99c54e9a7: 10332/65536 via tiktoken
2026-03-23 17:45:24.937 | INFO     | nanobot.agent.loop:_run_agent_loop:279 - Tool call: write_file({"path": "/Users/huanglixian-m2/Downloads/whitelist_test_1745.txt", "content": "白名单机制测试文件。\n时间：2026-03-23 17:45 CST\n"})
2026-03-23 17:45:31.602 | INFO     | nanobot.agent.loop:_process_message:522 - Response to web:user: 这次被拦截了：

`Write access ... is blocked by security list`

所以你的判断基本对：  
这更像是你自己的**白名单机制**在生效，而不是我这边权限“随机”。

## 当前这次测试结果
- ...
2026-03-23 17:45:31.628 | DEBUG    | nanobot.agent.memory:maybe_consolidate_by_tokens:314 - Token consolidation idle web:93c99c54e9a7: 10880/65536 via tiktoken
2026-03-23 17:50:00.391 | INFO     | nanobot.agent.loop:_process_message:449 - Processing message from web:user: 对于这个路径的文件/Users/huanglixian-m2/Documents/LienFiles/100-当前项目/广东院工作/广东院-过程记录（2026持...
2026-03-23 17:50:00.419 | DEBUG    | nanobot.agent.memory:maybe_consolidate_by_tokens:314 - Token consolidation idle web:93c99c54e9a7: 10880/65536 via tiktoken
2026-03-23 17:50:05.027 | INFO     | nanobot.agent.loop:_run_agent_loop:279 - Tool call: list_dir({"path": "/Users/huanglixian-m2/Documents/LienFiles/100-当前项目/广东院工作/广东院-过程记录（2026持续更新）/2026工作日志", "recursive": false, "max_entries": 200})
2026-03-23 17:50:14.999 | INFO     | nanobot.agent.loop:_run_agent_loop:279 - Tool call: exec({"command": "python3 - <<'PY'\nfrom pathlib import Path\nimport re\nbase = Path('/Users/huanglixian-m2/Documents/LienFiles/100-当前项目/广东院工作/广东院-过程记录（2026持续更新）/2026工作日志')\nrenamed = []\nskipped = []\nfor)
2026-03-23 17:50:37.142 | INFO     | nanobot.agent.loop:_process_message:522 - Response to web:user: shell 方式被工作目录安全限制拦住了。我改用文件工具先确认该目录权限边界，再尽量用更受限的方法处理；如果仍受限，我会明确告诉你需要你本地执行。我已经确认到目标目录里这些文件名确实符合你说的情况，比如：

- `2026-03-04-工作...
2026-03-23 17:50:37.166 | DEBUG    | nanobot.agent.memory:maybe_consolidate_by_tokens:314 - Token consolidation idle web:93c99c54e9a7: 13171/65536 via tiktoken
2026-03-23 17:51:05.512 | INFO     | nanobot.agent.loop:_process_message:449 - Processing message from web:user: 我开放了的，你再试试
2026-03-23 17:51:05.531 | DEBUG    | nanobot.agent.memory:maybe_consolidate_by_tokens:314 - Token consolidation idle web:93c99c54e9a7: 13171/65536 via tiktoken
2026-03-23 17:51:12.371 | INFO     | nanobot.agent.loop:_run_agent_loop:279 - Tool call: list_dir({"path": "/Users/huanglixian-m2/Documents/LienFiles/100-当前项目/广东院工作/广东院-过程记录（2026持续更新）/2026工作日志", "recursive": false, "max_entries": 200})
2026-03-23 17:51:12.374 | INFO     | nanobot.agent.loop:_run_agent_loop:279 - Tool call: exec({"command": "pwd && ls -1", "working_dir": "/Users/huanglixian-m2/Documents/LienFiles/100-当前项目/广东院工作/广东院-过程记录（2026持续更新）/2026工作日志", "timeout": 60})
2026-03-23 17:51:23.450 | INFO     | nanobot.agent.loop:_run_agent_loop:279 - Tool call: exec({"command": "python3 - <<'PY'\nfrom pathlib import Path\nimport re\nbase = Path('.')\nrenamed = []\nskipped = []\nfor p in sorted(base.iterdir()):\n    if not p.is_file() or p.name == '.DS_Store':\n  )
2026-03-23 17:51:30.031 | INFO     | nanobot.agent.loop:_process_message:522 - Response to web:user: 已完成。

目标目录：

`/Users/huanglixian-m2/Documents/LienFiles/100-当前项目/广东院工作/广东院-过程记录（2026持续更新）/2026工作日志`

已统一重命名为 `年-月-日.md`，...
2026-03-23 17:51:30.049 | DEBUG    | nanobot.agent.memory:maybe_consolidate_by_tokens:314 - Token consolidation idle web:93c99c54e9a7: 15515/65536 via tiktoken
2026-03-24 11:48:29.773 | INFO     | nanobot.agent.loop:_process_message:449 - Processing message from web:user: 测试
2026-03-24 11:48:29.800 | DEBUG    | nanobot.agent.memory:maybe_consolidate_by_tokens:314 - Token consolidation idle web:93c99c54e9a7: 15515/65536 via tiktoken
2026-03-24 11:48:36.298 | INFO     | nanobot.agent.loop:_process_message:522 - Response to web:user: 收到，当前 web 会话正常。  
要继续测什么，你直接说。
2026-03-24 11:48:36.326 | DEBUG    | nanobot.agent.memory:maybe_consolidate_by_tokens:314 - Token consolidation idle web:93c99c54e9a7: 15553/65536 via tiktoken
